BL51 BANKED LINKER/LOCATER V6.22                                                        10/24/2022  14:29:55  PAGE 1


BL51 BANKED LINKER/LOCATER V6.22, INVOKED BY:
C:\KEIL\C51\BIN\BL51.EXE LED.obj TO TEST


MEMORY MODEL: SMALL


INPUT MODULES INCLUDED:
  LED.obj (LED)
  C:\KEIL\C51\LIB\C51S.LIB (?C_STARTUP)


LINK MAP OF MODULE:  TEST (LED)


            TYPE    BASE      LENGTH    RELOCATION   SEGMENT NAME
            -----------------------------------------------------

            * * * * * * *   D A T A   M E M O R Y   * * * * * * *
            REG     0000H     0008H     ABSOLUTE     "REG BANK 0"
            IDATA   0008H     0001H     UNIT         ?STACK

            * * * * * * *   C O D E   M E M O R Y   * * * * * * *
            CODE    0000H     0003H     ABSOLUTE     
                    0003H     07FDH                  *** GAP ***
            CODE    0800H     002CH     UNIT         ?PR?MAIN?LED
            CODE    082CH     0020H     UNIT         ?PR?_DELAY_MS?LED
            CODE    084CH     000CH     UNIT         ?C_C51STARTUP



OVERLAY MAP OF MODULE:   TEST (LED)


SEGMENT
  +--> CALLED SEGMENT
---------------------
?C_C51STARTUP
  +--> ?PR?MAIN?LED

?PR?MAIN?LED
  +--> ?PR?_DELAY_MS?LED



SYMBOL TABLE OF MODULE:  TEST (LED)

  VALUE           TYPE          NAME
  ----------------------------------

  -------         MODULE        LED
  C:0000H         SYMBOL        _ICE_DUMMY_
  D:0080H         PUBLIC        P0
  B:0080H.0       PUBLIC        LED0
  B:0080H.1       PUBLIC        LED1
  B:0080H.2       PUBLIC        LED2
  B:0080H.3       PUBLIC        LED3
  B:0080H.4       PUBLIC        LED4
BL51 BANKED LINKER/LOCATER V6.22                                                      10/24/2022  14:29:55  PAGE 2


  B:0080H.5       PUBLIC        LED5
  B:0080H.6       PUBLIC        LED6
  B:0080H.7       PUBLIC        LED7
  C:0800H         PUBLIC        main
  C:082CH         PUBLIC        _DELAY_ms
  -------         PROC          _DELAY_MS
  D:0006H         SYMBOL        ms_Count
  -------         DO            
  D:0004H         SYMBOL        i
  D:0002H         SYMBOL        j
  -------         ENDDO         
  C:082CH         LINE#         14
  C:082CH         LINE#         15
  C:082CH         LINE#         17
  C:0836H         LINE#         18
  C:0836H         LINE#         19
  C:0844H         LINE#         20
  C:084BH         LINE#         21
  -------         ENDPROC       _DELAY_MS
  -------         PROC          MAIN
  C:0800H         LINE#         23
  C:0800H         LINE#         24
  C:0800H         LINE#         25
  C:0800H         LINE#         26
  C:0800H         LINE#         38
  C:0802H         LINE#         39
  C:0804H         LINE#         40
  C:0806H         LINE#         41
  C:0808H         LINE#         42
  C:080AH         LINE#         43
  C:080CH         LINE#         44
  C:080EH         LINE#         45
  C:0810H         LINE#         46
  C:0817H         LINE#         47
  C:0819H         LINE#         48
  C:081BH         LINE#         49
  C:081DH         LINE#         50
  C:081FH         LINE#         51
  C:0821H         LINE#         52
  C:0823H         LINE#         53
  C:0825H         LINE#         54
  C:0827H         LINE#         55
  C:082AH         LINE#         56
  -------         ENDPROC       MAIN
  -------         ENDMOD        LED

******************************************************************************
* RESTRICTED VERSION WITH 0800H BYTE CODE SIZE LIMIT; USED: 004CH BYTE ( 3%) *
******************************************************************************

Program Size: data=9.0 xdata=0 code=91
LINK/LOCATE RUN COMPLETE.  0 WARNING(S),  0 ERROR(S)
